Seed: 946684800

Choose an option:
1. Load Heroes
2. Print Hero Roster
3. Hero Fight!
4. Quit
> 
Enter the file to load: 
Choose an option:
1. Load Heroes
2. Print Hero Roster
3. Hero Fight!
4. Quit
> 
The following 3 heroes are loaded...
---------------------------------------
Nathan Greenfield has the following powers...
---------------------------------------
Joseph Greenfield has the following powers...
---------------------------------------
Sanjay Madhav has the following powers...
---------------------------------------

Choose an option:
1. Load Heroes
2. Print Hero Roster
3. Hero Fight!
4. Quit
> 
0: Nathan Greenfield
1: Joseph Greenfield
2: Sanjay Madhav
Select your first hero: Select your second hero: ---------------------------------------
Nathan Greenfield has 3 health 
Joseph Greenfield has 4 health 
---------------------------------------
Nathan Greenfield has 2 health 
Joseph Greenfield has 4 health 
---------------------------------------
Nathan Greenfield has 1 health 
Joseph Greenfield has 4 health 
---------------------------------------
Joseph Greenfield WINS!!!

Choose an option:
1. Load Heroes
2. Print Hero Roster
3. Hero Fight!
4. Quit
> 
0: Nathan Greenfield
1: Joseph Greenfield
2: Sanjay Madhav
Select your first hero: Select your second hero: ---------------------------------------
Joseph Greenfield has 4 health 
Sanjay Madhav has 5 health 
---------------------------------------
Joseph Greenfield has 4 health 
Sanjay Madhav has 4 health 
---------------------------------------
Joseph Greenfield has 3 health 
Sanjay Madhav has 4 health 
---------------------------------------
Joseph Greenfield has 2 health 
Sanjay Madhav has 3 health 
---------------------------------------
Joseph Greenfield has 2 health 
Sanjay Madhav has 2 health 
---------------------------------------
Joseph Greenfield has 2 health 
Sanjay Madhav has 1 health 
---------------------------------------
Joseph Greenfield has 1 health 
Sanjay Madhav has 1 health 
---------------------------------------
Sanjay Madhav WINS!!!

Choose an option:
1. Load Heroes
2. Print Hero Roster
3. Hero Fight!
4. Quit
> 
Goodbye
